#-----------------------------------------------------------
# Vivado v2021.2 (64-bit)
# SW Build 3367213 on Tue Oct 19 02:48:09 MDT 2021
# IP Build 3369179 on Thu Oct 21 08:25:16 MDT 2021
# Start of session at: Fri Mar 11 16:39:34 2022
# Process ID: 20376
# Current directory: C:/Users/Louis Nguyen/Desktop/School/Spring 2022/comp org/32bitadder
# Command line: vivado.exe -gui_launcher_event rodinguilauncherevent13028 C:\Users\Louis Nguyen\Desktop\School\Spring 2022\comp org\32bitadder\32bitadder.xpr
# Log file: C:/Users/Louis Nguyen/Desktop/School/Spring 2022/comp org/32bitadder/vivado.log
# Journal file: C:/Users/Louis Nguyen/Desktop/School/Spring 2022/comp org/32bitadder\vivado.jou
# Running On: DESKTOP-T2OCJTI, OS: Windows, CPU Frequency: 3408 MHz, CPU Physical cores: 4, Host memory: 17112 MB
#-----------------------------------------------------------
start_gui
open_project {C:/Users/Louis Nguyen/Desktop/School/Spring 2022/comp org/32bitadder/32bitadder.xpr}
update_compile_order -fileset sources_1
